------ opening nelsis ------
------ reading image description file '/data/public/common/software/nelsis/5.4.1.1/share/lib/celllibs/fishbone/image.seadif' ------
------ opening seadif ------
------ reading sdf laycell 'Tmp_Cell_(spi(spi(test)))': OK ------
------ writing sdflay 'Tmp_Cell_(spi(spi(test)))' into nelsis 'Tmpspi2479' ------
------ nelsea: task completed ------
