six
------ opening nelsis ------
------ reading image description file '/data/public/common/software/nelsis/5.4.1.1/share/lib/celllibs/fishbone/image.seadif' ------
------ opening seadif ------
WARNING: Seadif file "/home/bmeekes/CPU/test/seadif/sealib.sdf" is not a magic cookie (skipped).

------ checking your circuit 'cpu' ------
------ circuit 'cpu' is still up-to-date ------
------ checking match with placement layout 'Tmpcpu8077' ------
------ reading nelsis layout-cell 'Tmpcpu8077' ------
------ writing nelsis 'Tmpcpu8077' as sdflay 'Tmp_Cell_(cpu(cpu(test)))' ------
------ input seems good enough: calling router ------
calling program: trout -l test -f cpu -c cpu -o Tmp_Cell_ -d Tmp_Cell_ 
WARNING: routing is not 100% successful
------ converting result back into nelsis as cell 'Tmpcpu8077' ------
calling program: nelsea -rLH -f cpu -c cpu -l Tmp_Cell_ Tmpcpu8077 
------ sea: task completed ------
