------ opening nelsis ------
------ reading image description file '/data/public/common/software/nelsis/5.4.1.1/share/lib/celllibs/fishbone/image.seadif' ------
------ opening seadif ------
WARNING: Seadif file "/home/bmeekes/CPU/test/seadif/sealib.sdf" is not a magic cookie (skipped).

------ reading sdf laycell 'Tmp_Cell_(cpu(cpu(test)))': OK ------
------ writing sdflay 'Tmp_Cell_(cpu(cpu(test)))' into nelsis 'Tmpcpu8077' ------
------ nelsea: task completed ------
