
Madonna version 3.3 (compiled Tue, 08 Jul 2008 15:50:37 for "linux-2.6-i686")

reading circuit "blackbox(blackbox(test))" ...done

Kissing madonna hello...

Reading image description file "/data/public/common/software/nelsis/5.4.1.1/share/lib/celllibs/fishbone/image.seadif"...


------ net distribution (total #nets = 19):
        0..1     2     3     4     5     6     7 8..10 11..20  >20

           0    16     0     0     3     0     0     0     0     0

------ partitioning 4 cells into (hor x vert) = (3 x 1) partitions

------ requested grid points = (30, 28)

------ cost@start = 44, cost@end = 44, moves = 0
------ s, w, b = 3, 6, 3; perm = 3 2 1 
------ 1 nets have to be routed on a 5 x 1 global grid
     + routing net s (2 terminals):  weight = 200

------ Routed 1 nets, total weight = 200



------ Detailed placement of (Tmp_Cell_(blackbox(blackbox(test))))...
------ Reading input data
------ Creating temporary data structures
------ Placement plane size : [30:28]
------ Doing placement 
 Can't place cell :stream3  in window at (20,0)

 Apparently the magnification coefficient is too small. 
 Let's try to run the algorithm for bigger magn. coefficient. 
------ Placement plane size : [39:28]
------ Doing placement 
------ Compacting  

         6  column[s] deleted.

         Magnification coefficient obtained :0.517857

------ Writing created layout to database
Kissing madonna good bye...

Madonna took 0.0 seconds of your cpu
terminate
