six
------ opening nelsis ------
------ reading image description file '/data/public/common/software/nelsis/5.4.1.1/share/lib/celllibs/fishbone/image.seadif' ------
------ opening seadif ------
------ checking your circuit 'blackbox' ------
------ circuit 'blackbox' is still up-to-date ------
------ checking match with placement layout 'Tmpblackbox31129' ------
------ reading nelsis layout-cell 'Tmpblackbox31129' ------
------ writing nelsis 'Tmpblackbox31129' as sdflay 'Tmp_Cell_(blackbox(blackbox(test)))' ------
------ input seems good enough: calling router ------
calling program: trout -l test -f blackbox -c blackbox -o Tmp_Cell_ -d Tmp_Cell_ 
------ routing successful ------
------ converting result back into nelsis as cell 'Tmpblackbox31129' ------
calling program: nelsea -rLH -f blackbox -c blackbox -l Tmp_Cell_ Tmpblackbox31129 
------ sea: task completed ------
