Warning: Cannot convert string "nil2" to type FontStruct
xterm: cannot load font 8x16
