
Madonna version 3.3 (compiled Tue, 08 Jul 2008 15:50:37 for "linux-2.6-i686")

reading circuit "spi_slave(spi_slave(test))" ...done

Kissing madonna hello...

Reading image description file "/data/public/common/software/nelsis/5.4.1.1/share/lib/celllibs/fishbone/image.seadif"...


------ net distribution (total #nets = 25):
        0..1     2     3     4     5     6     7 8..10 11..20  >20

           0    19     2     2     0     0     0     0     1     1

------ partitioning 10 cells into (hor x vert) = (3 x 1) partitions

------ requested grid points = (105, 112)

------ cost@start = 60, cost@end = 46, moves = 2
------ s, w, b = 0, 0, 0; perm = 1 3 2 
------ cost@start = 46, cost@end = 46, moves = 0
------ s, w, b = 0, 0, 0; perm = 1 3 2 
------ 0 nets have to be routed on a 5 x 1 global grid

------ Routed 0 nets, total weight = 0



------ Detailed placement of (Tmp_Cell_(spi_slave(spi_slave(test))))...
------ Reading input data
------ Creating temporary data structures
------ Placement plane size : [105:112]
------ Doing placement 
 Can't place cell :shft1  in window at (35,0)

 Apparently the magnification coefficient is too small. 
 Let's try to run the algorithm for bigger magn. coefficient. 
------ Placement plane size : [136:112]
------ Doing placement 
------ Compacting  

         6  column[s] deleted.

         Magnification coefficient obtained :0.870448

------ Writing created layout to database
Kissing madonna good bye...

Madonna took 0.0 seconds of your cpu
terminate
