>>>>>> trout: automatic router for Sea-of-Gates           <<<<<<
>>>>>> (c) 1995 Patrick Groeneveld, Delft Univ. of Techn. <<<<<<
------ reading image description file '/data/public/common/software/nelsis/5.4.1.1/share/lib/celllibs/fishbone/image.seadif' ------
------ reading placement 'Tmp_Cell_(spi_slave(spi_slave(test)))' ------
------ building data structure  ------
------ making grid  ------
------ routing started Sat Dec  6 16:56:34 2014
 25 nets have to be routed.
Routing net 'read_out_7_0_3' (2/2): .b OK!
Routing net 'read_out_7_0_2' (2/2): .b OK!
Routing net 'read_out_7_0_1' (2/2): .b OK!
Routing net 'read_out_7_0_0' (2/2): .b OK!
Routing net 'data_ready' (2/2): .b OK!
Routing net 'read_out_7_0_7' (2/2): .b OK!
Routing net 'read_out_7_0_6' (2/2): .b OK!
Routing net 'read_out_7_0_5' (2/2): .b OK!
Routing net 'read_out_7_0_4' (2/2): .b OK!
Routing net 'mosi' (2/2): .b OK!
Routing net 'n7' (2/2): . OK!
Routing net 'n10' (2/2): . OK!
Routing net 'n9' (2/2): . OK!
Routing net 'n8' (3/3): .. OK!
Routing net 'count_0_port' (2/2): . OK!
Routing net 'count_2_port' (2/2): . OK!
Routing net 'count_1_port' (2/2): . OK!
Routing net 'n3' (2/2): . OK!
Routing net 'count_reset' (2/2): . OK!
Routing net 'sclk' (4/4): ...b OK!
Routing net 'shift_in' (2/2): . OK!
Routing net 'count_3_port' (3/3): .. OK!
Routing net 'reset' (4/4): ...b OK!
Routing net 'X_Logic0_port' (12/12): ...........b OK!
Routing net 'miso' (21/21): ....................b OK!
READY
----- Some interesting statistics ------
Total number of nets:                 25 (100% completion)
Total length of routed wires:         1186 grids = 10.437 mm
No. of transistors (total / used):    1760/805 = 45.74 %
CPU-time consumption:                 0.04 sec.
Elapsed time during routing:          0.04 sec. (100.00 % of cpu)
------ Verifying Connectivity ------
------ No unconnect nor short-circuits ------
------ Writing 'Tmp_Cell_(spi_slave(spi_slave(test)))' ------
------ Trout: task completed on Sat Dec  6 16:56:34 2014
 terminate
